<html><head><meta http-equiv="content-type" content="text/html; charset=UTF-8"/><title>DATAWAVE - Effective Authorizations</title><link rel='stylesheet' type='text/css' href='/screen.css' media='screen' /></head><body><h1>Effective Authorizations</h1><div><h2>Auths for user Subject: cn=test a. user, ou=my department, o=my company, st=some-state, c=us (Issuer cn=test ca, ou=my department, o=my company, st=some-state, c=us)</h2><table><tr><td>BAR</td><td>FOO</td><td>PRIVATE</td></tr><tr class="highlight"><td>PUBLIC</td></tr></table><h2>Roles to Accumulo Auths</h2><table><tr><th>Role</th><th>Accumulo Authorizations</th></tr><tr><td>BAR</td><td>BAR</td></tr><tr class="highlight"><td>FOO</td><td>FOO</td></tr><tr><td>PRIVATE</td><td>PRIVATE</td></tr><tr class="highlight"><td>PUBLIC</td><td>PUBLIC</td></tr></table></div><br/></body></html> 