<html><head><meta http-equiv="content-type" content="text/html; charset=UTF-8"/><title>DATAWAVE - Void Response</title><link rel='stylesheet' type='text/css' href='/screen.css' media='screen' /></head><body><h1>datawave.webservice.result.VoidResponse</h1><div><b>MESSAGES:</b><br/>4f03bf77-4774-41e8-9998-274c1d05ea03 closed.<br/><b>EXCEPTIONS:</b><br/></div><br/></body></html> 