<?xml version="1.0" encoding="UTF-8" standalone="yes"?><DefaultEventQueryResponse xmlns="http://webservice.datawave/v1"><HasResults>true</HasResults><OperationTimeMS>37</OperationTimeMS><LogicName>EventQuery</LogicName><PageNumber>1</PageNumber><PartialResults>false</PartialResults><QueryId>aa0a678c-ae3b-4809-9771-4d80931e98cf</QueryId><Events><Event><Fields><Field columnVisibility="PUBLIC" name="LANGUAGE" timestamp="1362441600000"><Markings><entry><key>columnVisibility</key><value>PUBLIC</value></entry></Markings><Value type="xs:string">ENGLISH</Value></Field><Field columnVisibility="PUBLIC" name="LOAD_DATE" timestamp="1362441600000"><Markings><entry><key>columnVisibility</key><value>PUBLIC</value></entry></Markings><Value type="xs:string">1505244509624</Value></Field><Field columnVisibility="PUBLIC" name="REVISION_SHA1" timestamp="1362441600000"><Markings><entry><key>columnVisibility</key><value>PUBLIC</value></entry></Markings><Value type="xs:string">ls0ordqhjufi32fc3qo9oioa37seld5</Value></Field><Field columnVisibility="PUBLIC" name="CONTRIBUTOR_USERNAME" timestamp="1362441600000"><Markings><entry><key>columnVisibility</key><value>PUBLIC</value></entry></Markings><Value type="xs:string">Alta√Ør</Value></Field><Field columnVisibility="PUBLIC" name="REVISION_ID" timestamp="1362441600000"><Markings><entry><key>columnVisibility</key><value>PUBLIC</value></entry></Markings><Value type="xs:decimal">541785980</Value></Field><Field columnVisibility="PUBLIC" name="PAGE_ID" timestamp="1362441600000"><Markings><entry><key>columnVisibility</key><value>PUBLIC</value></entry></Markings><Value type="xs:decimal">12</Value></Field><Field columnVisibility="PUBLIC" name="HAS_REVISION_TEXT_CONTENT" timestamp="1362441600000"><Markings><entry><key>columnVisibility</key><value>PUBLIC</value></entry></Markings><Value type="xs:string">true</Value></Field><Field columnVisibility="PUBLIC" name="REVISION_TIMESTAMP" timestamp="1362441600000"><Markings><entry><key>columnVisibility</key><value>PUBLIC</value></entry></Markings><Value type="xs:string">2013-03-02T21:01:50Z</Value></Field><Field columnVisibility="PUBLIC" name="REVISION_MODEL" timestamp="1362441600000"><Markings><entry><key>columnVisibility</key><value>PUBLIC</value></entry></Markings><Value type="xs:string">wikitext</Value></Field><Field columnVisibility="PUBLIC" name="REVISION_PARENTID" timestamp="1362441600000"><Markings><entry><key>columnVisibility</key><value>PUBLIC</value></entry></Markings><Value type="xs:decimal">541640576</Value></Field><Field columnVisibility="PUBLIC" name="PAGE_NAMESPACE" timestamp="1362441600000"><Markings><entry><key>columnVisibility</key><value>PUBLIC</value></entry></Markings><Value type="xs:decimal">0</Value></Field><Field columnVisibility="PUBLIC" name="ORIG_FILE" timestamp="1362441600000"><Markings><entry><key>columnVisibility</key><value>PUBLIC</value></entry></Markings><Value type="xs:string">hdfs://localhost:9000/Ingest/wikipedia/enwiki-20130305-pages-articles-brief.xml|1|0</Value></Field><Field columnVisibility="PUBLIC" name="REVISION_FORMAT" timestamp="1362441600000"><Markings><entry><key>columnVisibility</key><value>PUBLIC</value></entry></Markings><Value type="xs:string">text/x-wiki</Value></Field><Field columnVisibility="PUBLIC" name="REVISION_COMMENT" timestamp="1362441600000"><Markings><entry><key>columnVisibility</key><value>PUBLIC</value></entry></Markings><Value type="xs:string">/* Origins common-test/ contrib/ docs/ in-memory-accumulo/ properties/ type-metadata-hdfs/ warehouse/ web-service/ web-service-deployment/ Fix.</Value></Field><Field columnVisibility="PUBLIC" name="REVISION_TEXT_SPACE" timestamp="1362441600000"><Markings><entry><key>columnVisibility</key><value>PUBLIC</value></entry></Markings><Value type="xs:string">preserve</Value></Field><Field columnVisibility="PUBLIC" name="REVISION_TEXT_TOKEN" timestamp="1362441600000"><Markings><entry><key>columnVisibility</key><value>PUBLIC</value></entry></Markings><Value type="xs:string">anarchy</Value></Field><Field columnVisibility="PUBLIC" name="RECORD_ID" timestamp="1362441600000"><Markings><entry><key>columnVisibility</key><value>PUBLIC</value></entry></Markings><Value type="xs:string">20130305_4/enwiki/cv98z2.-7tx1b3.oz7tdj+15qpei</Value></Field><Field columnVisibility="PUBLIC" name="CONTRIBUTOR_ID" timestamp="1362441600000"><Markings><entry><key>columnVisibility</key><value>PUBLIC</value></entry></Markings><Value type="xs:decimal">15232315</Value></Field><Field columnVisibility="PUBLIC" name="HAS_REVISION_COMMENT_CONTENT" timestamp="1362441600000"><Markings><entry><key>columnVisibility</key><value>PUBLIC</value></entry></Markings><Value type="xs:string">true</Value></Field><Field columnVisibility="PUBLIC" name="REVISION_COMMENT_TERM_COUNT" timestamp="1362441600000"><Markings><entry><key>columnVisibility</key><value>PUBLIC</value></entry></Markings><Value type="xs:decimal">2</Value></Field><Field columnVisibility="PUBLIC" name="PAGE_TITLE" timestamp="1362441600000"><Markings><entry><key>columnVisibility</key><value>PUBLIC</value></entry></Markings><Value type="xs:string">Anarchism</Value></Field><Field columnVisibility="PUBLIC" name="REVISION_TEXT_TERM_COUNT" timestamp="1362441600000"><Markings><entry><key>columnVisibility</key><value>PUBLIC<html><head><meta http-equiv="content-type" content="text/html; charset=UTF-8"/><title>DATAWAVE - Void Response</title><link rel='stylesheet' type='text/css' href='/screen.css' media='screen' /></head><body><h1>datawave.webservice.result.VoidResponse</h1><div><b>MESSAGES:</b><br/><b>EXCEPTIONS:</b><br/>datawave.webservice.query.exception.QueryExceptionType@1bee3fe5, datawave.webservice.query.exception.QueryExceptionType$1@63259da8<br/></div><br/></body></html> 