<?xml version="1.0" encoding="UTF-8" standalone="yes"?><GenericResponse xmlns="http://webservice.datawave/v1"><HasResults>true</HasResults><OperationTimeMS>135</OperationTimeMS><Result xmlns:xsi="http://www.w3.org/2001/XMLSchema-instance" xmlns:xs="http://www.w3.org/2001/XMLSchema" xsi:type="xs:string">aa0a678c-ae3b-4809-9771-4d80931e98cf</Result></GenericResponse>