<html><head><meta http-equiv="content-type" content="text/html; charset=UTF-8"/><title>DATAWAVE - Void Response</title><link rel='stylesheet' type='text/css' href='/screen.css' media='screen' /></head><body><h1>datawave.webservice.result.VoidResponse</h1><div><b>MESSAGES:</b><br/>aa0a678c-ae3b-4809-9771-4d80931e98cf closed.<br/><b>EXCEPTIONS:</b><br/></div><br/></body></html> 