<html><head><meta http-equiv="content-type" content="text/html; charset=UTF-8"/><title>DATAWAVE - Deployed Query Logic</title><link rel='stylesheet' type='text/css' href='/screen.css' media='screen' /></head><body><h1>Deployed Query Logic</h1><div><table> <tr><th>Name</th><th>Description</th><th>Optional Parameters</th><th>Required Parameters</th><th>Example Queries</th><th>Response Class</th><th>AuditType</th><th>Query Syntax</th></tr><tr class="highlight"><td>ContentQuery</td><td>Query that returns a document given the document identifier</td><td>content.view.all<br>content.view.name</td><td></td><td></td><td><a href='/DataWave/doc/apidocs/jaxbdocs/datawave/webservice/result/DefaultEventQueryResponse.html'>DefaultEventQueryResponse</a></td><td>PASSIVE</td><td>CUSTOM</td></tr><tr><td>CountQuery</td><td>Count Query</td><td>begin<br>blacklisted.fields<br>compress.server.side.results<br>datatype.filter.set<br>date.index.time.travel<br>end<br>filter.masked.values<br>group.fields<br>hit.list<br>include.datatype.as.field<br>include.grouping.context<br>limit.fields<br>log.timing.details<br>max.results.override<br>model.name<br>model.table.name<br>postprocessing.classes<br>query.syntax<br>raw.data.only<br>reduced.response<br>return.fields<br>transform.content.to.uid<br>type.metadata.in.hdfs</td><td></td><td></td><td><a href='/DataWave/doc/apidocs/jaxbdocs/datawave/webservice/result/DefaultEventQueryResponse.html'>DefaultEventQueryResponse</a></td><td>ACTIVE</td><td>JEXL<br>LUCENE<br>LUCENE-UUID<br>TOKENIZED-LUCENE</td></tr><tr class="highlight"><td>DashboardQueryLogic</td><td>Query metrics summaries for high-level dashboard</td><td>begin<br>blacklisted.fields<br>compress.server.side.results<br>datatype.filter.set<br>date.index.time.travel<br>end<br>filter.masked.values<br>group.fields<br>hit.list<br>include.datatype.as.field<br>include.grouping.context<br>limit.fields<br>log.timing.details<br>max.results.override<br>model.name<br>model.table.name<br>postprocessing.classes<br>query.syntax<br>raw.data.only<br>reduced.response<br>return.fields<br>transform.content.to.uid<br>type.metadata.in.hdfs</td><td></td><td></td><td><a href='/DataWave/doc/apidocs/jaxbdocs/datawave/webservice/common/extjs/ExtJsResponse.html'>ExtJsResponse</a></td><td>NONE</td><td>JEXL<br>LUCENE<br>LUCENE-UUID<br>TOKENIZED-LUCENE</td></tr><tr><td>DiscoveryQuery</td><td>Discovery query that returns information from the index about the supplied term(s)</td><td>begin<br>datatype.filter.set<br>end<br>model.name<br>model.table.name<br>separate.counts.by.colvis</td><td></td><td></td><td><a href='/DataWave/doc/apidocs/jaxbdocs/datawave/webservice/result/DefaultEventQueryResponse.html'>DefaultEventQueryResponse</a></td><td>ACTIVE</td><td>CUSTOM</td></tr><tr class="highlight"><td>EdgeEventQuery</td><td>Use results of an EdgeQuery to obtain events that created the edge.</td><td>begin<br>blacklisted.fields<br>compress.server.side.results<br>datatype.filter.set<br>date.index.time.travel<br>end<br>filter.masked.values<br>group.fields<br>hit.list<br>include.datatype.as.field<br>include.grouping.context<br>limit.fields<br>log.timing.details<br>max.results.override<br>model.name<br>model.table.name<br>postprocessing.classes<br>query.syntax<br>raw.data.only<br>reduced.response<br>return.fields<br>transform.content.to.uid<br>type.metadata.in.hdfs</td><td></td><td></td><td><a href='/DataWave/doc/apidocs/jaxbdocs/datawave/webservice/result/DefaultEventQueryResponse.html'>DefaultEventQueryResponse</a></td><td>ACTIVE</td><td>JEXL<br>LUCENE<br>LUCENE-UUID<br>TOKENIZED-LUCENE</td></tr><tr><td>EdgeQuery</td><td>Edge query</td><td>begin<br>datatype.filter.set<br>date.type<br>edgeTypes<br>end<br>max.results.override<br>stats</td><td></td><td></td><td><a href='/DataWave/doc/apidocs/jaxbdocs/datawave/webservice/result/DefaultEdgeQueryResponse.html'>DefaultEdgeQueryResponse</a></td><td>ACTIVE</td><td>CUSTOM</td></tr><tr class="highlight"><td>ErrorCountQuery</td><td>Count query of errored events</td><td>begin<br>blacklisted.fields<br>compress.server.side.results<br>datatype.filter.set<br>date.index.time.travel<br>end<br>filter.masked.values<br>group.fields<br>hit.list<br>include.datatype.as.field<br>include.grouping.context<br>limit.fields<br>log.timing.details<br>max.results.override<br>model.name<br>model.table.name<br>postprocessing.classes<br>query.syntax<br>raw.data.only<br>reduced.response<br>return.fields<br>transform.content.to.uid<br>type.metadata.in.hdfs</td><td></td><td></td><td><a href='/DataWave/doc/apidocs/jaxbdocs/datawave/webservice/result/DefaultEventQueryResponse.html'>DefaultEventQueryResponse</a></td><td>ACTIVE</td><td>JEXL<br>LUCENE<br>LUCENE-UUID<br>TOKENIZED-LUCENE</td></tr><tr><td>ErrorDiscoveryQuery</td><td>Discovery query that returns information from the ingest errors index about the supplied term(s)</td><td>begin<br>datatype.filter.set<br>end<br>model.name<br>model.table.name<br>separate.counts.by.colvis</td><td></td><td></td><td><a href='/DataWave/doc/apidocs/jaxbdocs/datawave/webservice/result/DefaultEventQueryResponse.html'>DefaultEventQueryResponse</a></td><td>ACTIVE</td><td>CUSTOM</td></tr><tr class="highlight"><td>ErrorEventQuery</td><td>Errored Event query</td><td>begin<br>blacklisted.fields<br>compress.server.side.results<br>datatype.filter.set<br>date.index.time.travel<br>end<br>filter.masked.values<br>group.fields<br>hit.list<br>include.datatype.as.field<br>include.grouping.context<br>limit.fields<br>log.timing.details<br>max.results.override<br>model.name<br>model.table.name<br>postprocessing.classes<br>query.syntax<br>raw.data.only<br>reduced.response<br>return.fields<br>transform.content.to.uid<br>type.metadata.in.hdfs</td><td></td><td></td><td><a href='/DataWave/doc/apidocs/jaxbdocs/datawave/webservice/result/DefaultEventQueryResponse.html'>DefaultEventQueryResponse</a></td><td>ACTIVE</td><td>JEXL<br>LUCENE<br>LUCENE-UUID<br>TOKENIZED-LUCENE</td></tr><tr><td>ErrorFieldIndexCountQuery</td><td>FieldIndex count query (experimental)</td><td>datatype.filter.set<br>model.name<br>model.table.name</td><td></td><td></td><td><a href='/DataWave/doc/apidocs/jaxbdocs/datawave/webservice/result/DefaultEventQueryResponse.html'>DefaultEventQueryResponse</a></td><td>ACTIVE</td><td>CUSTOM</td></tr><tr class="highlight"><td>EventQuery</td><td>Event query</td><td>begin<br>blacklisted.fields<br>compress.server.side.results<br>datatype.filter.set<br>date.index.time.travel<br>end<br>filter.masked.values<br>group.fields<br>hit.list<br>include.datatype.as.field<br>include.grouping.context<br>limit.fields<br>log.timing.details<br>max.results.override<br>model.name<br>model.table.name<br>postprocessing.classes<br>query.syntax<br>raw.data.only<br>reduced.response<br>return.fields<br>transform.content.to.uid<br>type.metadata.in.hdfs</td><td></td><td></td><td><a href='/DataWave/doc/apidocs/jaxbdocs/datawave/webservice/result/DefaultEventQueryResponse.html'>DefaultEventQueryResponse</a></td><td>ACTIVE</td><td>JEXL<br>LUCENE<br>LUCENE-UUID<br>TOKENIZED-LUCENE</td></tr><tr><td>FacetedQuery</td><td>Event query with rewritten logic</td><td>facet.field.list<br>facet.maximum.group.count<br>facet.minimum.count<br>facet.search.type<br>facet.streaming.enabled<br>limit.fields</td><td></td><td></td><td><a href='/DataWave/doc/apidocs/jaxbdocs/datawave/webservice/result/FacetQueryResponse.html'>FacetQueryResponse</a></td><td>ACTIVE</td><td>JEXL<br>LUCENE<br>LUCENE-UUID<br>TOKENIZED-LUCENE</td></tr><tr class="highlight"><td>FieldIndexCountQuery</td><td>Indexed Fields Only: Given FIELDNAME returns counts for each unique value. Given FIELDNAME:FIELDVALUE returns count for only that value.</td><td>datatype.filter.set<br>model.name<br>model.table.name</td><td></td><td></td><td><a href='/DataWave/doc/apidocs/jaxbdocs/datawave/webservice/result/DefaultEventQueryResponse.html'>DefaultEventQueryResponse</a></td><td>ACTIVE</td><td>CUSTOM</td></tr><tr><td>HitHighlights</td><td>Fast boolean query over indexed fields only returning fields queried on</td><td>begin<br>blacklisted.fields<br>compress.server.side.results<br>datatype.filter.set<br>date.index.time.travel<br>end<br>filter.masked.values<br>group.fields<br>hit.list<br>include.datatype.as.field<br>include.grouping.context<br>limit.fields<br>log.timing.details<br>max.results.override<br>model.name<br>model.table.name<br>postprocessing.classes<br>query.syntax<br>raw.data.only<br>reduced.response<br>return.fields<br>transform.content.to.uid<br>type.metadata.in.hdfs</td><td></td><td></td><td><a href='/DataWave/doc/apidocs/jaxbdocs/datawave/webservice/result/DefaultEventQueryResponse.html'>DefaultEventQueryResponse</a></td><td>ACTIVE</td><td>JEXL<br>LUCENE<br>LUCENE-UUID</td></tr><tr class="highlight"><td>IndexStatsQuery</td><td>Not configured</td><td>datatype.filter.set</td><td></td><td></td><td><a href='/DataWave/doc/apidocs/jaxbdocs/datawave/webservice/query/result/istat/IndexStatsResponse.html'>IndexStatsResponse</a></td><td>PASSIVE</td><td>CUSTOM</td></tr><tr><td>KnowledgeQuery</td><td>Tasking information query</td><td>begin<br>blacklisted.fields<br>compress.server.side.results<br>datatype.filter.set<br>date.index.time.travel<br>end<br>filter.masked.values<br>group.fields<br>hit.list<br>include.datatype.as.field<br>include.grouping.context<br>limit.fields<br>log.timing.details<br>max.results.override<br>model.name<br>model.table.name<br>postprocessing.classes<br>query.syntax<br>raw.data.only<br>reduced.response<br>return.fields<br>transform.content.to.uid<br>type.metadata.in.hdfs</td><td></td><td></td><td><a href='/DataWave/doc/apidocs/jaxbdocs/datawave/webservice/result/DefaultEventQueryResponse.html'>DefaultEventQueryResponse</a></td><td>PASSIVE</td><td>JEXL<br>LUCENE<br>LUCENE-UUID<br>TOKENIZED-LUCENE</td></tr><tr class="highlight"><td>LuceneUUIDEventQuery</td><td>Composite query logic that runs the UUID queries against the Event and Error tables</td><td>begin<br>blacklisted.fields<br>compress.server.side.results<br>datatype.filter.set<br>date.index.time.travel<br>end<br>filter.masked.values<br>group.fields<br>hit.list<br>include.datatype.as.field<br>include.grouping.context<br>limit.fields<br>log.timing.details<br>max.results.override<br>model.name<br>model.table.name<br>postprocessing.classes<br>query.syntax<br>raw.data.only<br>reduced.response<br>return.fields<br>transform.content.to.uid<br>type.metadata.in.hdfs</td><td></td><td>null</td><td><a href='/DataWave/doc/apidocs/jaxbdocs/datawave/webservice/result/DefaultEventQueryResponse.html'>DefaultEventQueryResponse</a></td><td>PASSIVE</td><td>CUSTOM</td></tr><tr><td>ParentEventQuery</td><td>Event query with rewritten logic</td><td>begin<br>blacklisted.fields<br>compress.server.side.results<br>datatype.filter.set<br>date.index.time.travel<br>end<br>filter.masked.values<br>group.fields<br>hit.list<br>include.datatype.as.field<br>include.grouping.context<br>limit.fields<br>log.timing.details<br>max.results.override<br>model.name<br>model.table.name<br>postprocessing.classes<br>query.syntax<br>raw.data.only<br>reduced.response<br>return.fields<br>transform.content.to.uid<br>type.metadata.in.hdfs</td><td></td><td></td><td><a href='/DataWave/doc/apidocs/jaxbdocs/datawave/webservice/result/DefaultEventQueryResponse.html'>DefaultEventQueryResponse</a></td><td>ACTIVE</td><td>JEXL<br>LUCENE<br>LUCENE-UUID<br>TOKENIZED-LUCENE</td></tr><tr class="highlight"><td>QueryMetricsQuery</td><td>Query Metrics query</td><td>begin<br>blacklisted.fields<br>compress.server.side.results<br>datatype.filter.set<br>date.index.time.travel<br>end<br>filter.masked.values<br>group.fields<br>hit.list<br>include.datatype.as.field<br>include.grouping.context<br>limit.fields<br>log.timing.details<br>max.results.override<br>model.name<br>model.table.name<br>postprocessing.classes<br>query.syntax<br>raw.data.only<br>reduced.response<br>return.fields<br>transform.content.to.uid<br>type.metadata.in.hdfs</td><td></td><td></td><td><a href='/DataWave/doc/apidocs/jaxbdocs/datawave/webservice/result/DefaultEventQueryResponse.html'>DefaultEventQueryResponse</a></td><td>NONE</td><td>JEXL<br>LUCENE<br>LUCENE-UUID<br>TOKENIZED-LUCENE</td></tr><tr><td>TLDEventQuery</td><td>Event query with rewritten logic</td><td>begin<br>blacklisted.fields<br>compress.server.side.results<br>datatype.filter.set<br>date.index.time.travel<br>end<br>filter.masked.values<br>group.fields<br>hit.list<br>include.datatype.as.field<br>include.grouping.context<br>limit.fields<br>log.timing.details<br>max.results.override<br>model.name<br>model.table.name<br>postprocessing.classes<br>query.syntax<br>raw.data.only<br>reduced.response<br>return.fields<br>transform.content.to.uid<br>type.metadata.in.hdfs</td><td></td><td></td><td><a href='/DataWave/doc/apidocs/jaxbdocs/datawave/webservice/result/DefaultEventQueryResponse.html'>DefaultEventQueryResponse</a></td><td>ACTIVE</td><td>JEXL<br>LUCENE<br>LUCENE-UUID<br>TOKENIZED-LUCENE</td></tr></table> </div><br/></body></html> 