<html><head><meta http-equiv="content-type" content="text/html; charset=UTF-8"/><title>DATAWAVE - Data Dictionary</title><link rel='stylesheet' type='text/css' href='/screen.css' media='screen' /><script type='text/javascript' src='/jquery.min.js'></script> <script type='text/javascript' src='/jquery.dataTables.min.js'></script> <script type='text/javascript'> $(document).ready(function() { $('#myTable').dataTable({"bPaginate": false, "aaSorting": [[0, "asc"]], "bStateSave": true}) }) </script> </head><body><h1>Data Dictionary</h1><div><div><p style="width:60%; margin-left: auto; margin-right: auto;">When a value is present in the forward index types, this means that a field is indexed and informs you how your query terms will be treated (e.g. text, number, IPv4 address, etc). The same applies for the reverse index types with the caveat that you can also query these fields using leading wildcards. Fields that are marked as 'Index only' will not appear in a result set unless explicitly queried on. Index only fields are typically composite fields, derived from actual data, created by the software to make querying easier.</p></div><table id="myTable"> <thead><tr><th>FieldName</th><th>Internal FieldName</th><th>DataType</th><th>Index only</th><th>Forward Indexed</th><th>Reverse Indexed</th><th>Normalized</th><th>Types</th><th>Description</th><th>LastUpdated</th></tr></thead><tbody><tr><td>LANGUAGE</td><td></td><td>enwiki</td><td>false</td><td></td><td></td><td></td><td></td><td></td><td>20130305000000</td></tr><tr><td>LOAD_DATE</td><td></td><td>enwiki</td><td>false</td><td></td><td></td><td></td><td></td><td></td><td>20130305000000</td></tr><tr><td>REVISION_SHA1</td><td></td><td>enwiki</td><td>false</td><td>true</td><td></td><td></td><td>Text</td><td></td><td>20130305000000</td></tr><tr><td>CONTRIBUTOR_USERNAME</td><td></td><td>enwiki</td><td>false</td><td>true</td><td>true</td><td></td><td>Text</td><td></td><td>20130305000000</td></tr><tr><td>REVISION_ID</td><td></td><td>enwiki</td><td>false</td><td>true</td><td></td><td></td><td>Number</td><td></td><td>20130305000000</td></tr><tr><td>HAS_REVISION_TEXT_CONTENT</td><td></td><td>enwiki</td><td>false</td><td></td><td></td><td></td><td></td><td></td><td>20130305000000</td></tr><tr><td>PAGE_ID</td><td></td><td>enwiki</td><td>false</td><td>true</td><td></td><td></td><td>Number</td><td></td><td>20130305000000</td></tr><tr><td>REVISION_TIMESTAMP</td><td></td><td>enwiki</td><td>false</td><td>true</td><td></td><td></td><td>Text</td><td></td><td>20130305000000</td></tr><tr><td>PAGE_REDIRECT_TITLE</td><td></td><td>enwiki</td><td>false</td><td></td><td></td><td></td><td></td><td></td><td>20130305000000</td></tr><tr><td>REVISION_MODEL</td><td></td><td>enwiki</td><td>false</td><td></td><td></td><td></td><td></td><td></td><td>20130305000000</td></tr><tr><td>PAGE_NAMESPACE</td><td></td><td>enwiki</td><td>false</td><td>true</td><td></td><td></td><td>Number</td><td></td><td>20130305000000</td></tr><tr><td>REVISION_PARENTID</td><td></td><td>enwiki</td><td>false</td><td>true</td><td></td><td></td><td>Number</td><td></td><td>20130305000000</td></tr><tr><td>ORIG_FILE</td><td></td><td>enwiki</td><td>false</td><td></td><td></td><td></td><td></td><td></td><td>20130305000000</td></tr><tr><td>REVISION_COMMENT</td><td></td><td>enwiki</td><td>false</td><td></td><td></td><td></td><td></td><td></td><td>20130305000000</td></tr><tr><td>REVISION_FORMAT</td><td></td><td>enwiki</td><td>false</td><td></td><td></td><td></td><td></td><td></td><td>20130305000000</td></tr><tr><td>REVISION_COMMENT_TOKEN</td><td></td><td>enwiki</td><td>true</td><td>true</td><td>true</td><td></td><td>Text</td><td></td><td>20130305000000</td></tr><tr><td>REVISION_TEXT_SPACE</td><td></td><td>enwiki</td><td>false</td><td></td><td></td><td></td><td></td><td></td><td>20130305000000</td></tr><tr><td>REVISION_TEXT_TOKEN</td><td></td><td>enwiki</td><td>true</td><td>true</td><td>true</td><td></td><td>Text</td><td></td><td>20130305000000</td></tr><tr><td>CONTRIBUTOR_ID</td><td></td><td>enwiki</td><td>false</td><td>true</td><td></td><td></td><td>Number</td><td></td><td>20130305000000</td></tr><tr><td>HAS_REVISION_COMMENT_CONTENT</td><td></td><td>enwiki</td><td>false</td><td></td><td></td><td></td><td></td><td></td><td>20130305000000</td></tr><tr><td>PAGE_TITLE</td><td></td><td>enwiki</td><td>false</td><td>true</td><td>true</td><td></td><td>Text</td><td></td><td>20130305000000</td></tr><tr><td>REVISION_COMMENT_TERM_COUNT</td><td></td><td>enwiki</td><td>false</td><td>true</td><td></td><td></td><td>Number</td><td></td><td>20130305000000</td></tr><tr><td>REVISION_TEXT_TERM_COUNT</td><td></td><td>enwiki</td><td>false</td><td>true</td><td></td><td></td><td>Number</td><td></td><td>20130305000000</td></tr></tbody></table> </div><br/></body></html> 